// Jest Snapshot v1, https://goo.gl/fbAQLP

exports[`MD Generator Should generate md correctly 1`] = `
" test desc 


* \`f1\` (type: \`String\`) - this
is
multi
* \`f2\` (type: \`Array of String\`)
* \`f3\` (type: \`Array of String\`, required)
* \`f4\` (type: \`Array of String\`, required)
* \`f5\` (type: \`Object\`): 
  * \`t\` (type: \`String\`)
  * \`i\` (type: \`Int\`, required)
  * \`nest\` (type: \`Object\`, required) - test: 
    * \`t\` (type: \`String\`)
  * \`other\` (type: \`String\`, required)
* \`f6\` (type: \`String (A | B | C)\`)
* \`u\` -  One of: 
  * \`Boolean\`
  * \`object\`: 
    * \`boop\` (type: \`String\`)"
`;
